---
source: crates/ruff_python_semantic/src/cfg/mod.rs
description: "This is a Mermaid graph. You can use https://mermaid.live to visualize it as a diagram."
---
## Function 0
### Source
```python
def func():
    raise Exception
```

### Control Flow Graph
```mermaid
flowchart TD
	node0["raise Exception"]
	node1((("EXIT")))
	node0==>node1
```

## Function 1
### Source
```python
def func():
    raise "a glass!"
```

### Control Flow Graph
```mermaid
flowchart TD
	node0["raise #quot;a glass!#quot;"]
	node1((("EXIT")))
	node0==>node1
```
